// Jest Snapshot v1, https://goo.gl/fbAQLP

exports[`ProductCheckout Module should render correctly 1`] = `ShallowWrapper {}`;
