// Jest Snapshot v1, https://goo.gl/fbAQLP

exports[`APP View should render correctly 1`] = `ShallowWrapper {}`;
